// Jest Snapshot v1, https://goo.gl/fbAQLP

exports[`Textarea Component matches snapshot 1`] = `
<div>
  <div
    class="custom-textarea group flex flex-col gap-1"
  >
    <label
      class="text-sm font-semibold text-neutral-600 group-focus-within:text-primary-500 dark:group-focus-within:text-primary-300 after:ml-0.5 after:mr-1 after:text-red-500 after:content-["*"]"
    >
      Description
       
    </label>
    <div
      class="relative flex flex-col"
    >
      <textarea
        class="rounded-lg border-none px-4 py-2 text-neutral-600 outline-none ring-1 placeholder:text-neutral-50 disabled:bg-neutral-30 disabled:text-neutral-100 dark:bg-surface-100 dark:text-neutral-600 dark:disabled:bg-neutral-400 ring-neutral-50 focus:shadow-[0_0_10px_#c9bfff] focus:ring-primary-300 dark:focus:ring-primary-300"
        placeholder="Type here..."
        required=""
      />
      <span
        class="helper-text mt-1 text-xs font-normal text-neutral-400"
      >
        Enter your description
      </span>
    </div>
  </div>
</div>
`;
